Product: MDK-ARM Standard 5.10
Component: ARM Compiler 5.04 update 1 (build 49)
Tool: armlink [5040049]

==============================================================================

Section Cross References

    os_cpu_a.o(OS_CPU_S) refers (Special) to system_code.o(.text) for HandleIRQ
    os_cpu_a.o(OS_CPU_S) refers (Special) to ucos_ii.o(.text) for OSIntEnter
    os_cpu_a.o(OS_CPU_S) refers (Special) to os_cpu_c.o(.bss) for OSIntStk
    os_cpu_a.o(OS_CPU_S) refers to os_cpu_c.o(.text) for OSTaskSwHook
    os_cpu_a.o(OS_CPU_S) refers to ucos_ii.o(.data) for OSRunning
    startup.o(Init) refers to logger.o(.text) for Main
    startup.o(Init) refers to os_cpu_a.o(OS_CPU_S) for OSCtxSw
    startup.o(Init) refers to system_code.o(.text) for HandleIRQ
    startup.o(Init) refers to ucos_ii.o(.data) for OSIntNesting
    startup.o(Init) refers to os_cpu_c.o(.bss) for OSIntStk
    ucos_ii.o(.text) refers to aeabi_sdiv.o(.text_udiv) for __aeabi_uidivmod
    ucos_ii.o(.text) refers to os_cpu_c.o(.text) for OSTaskStatHook
    ucos_ii.o(.text) refers to rt_memclr_w.o(.text) for __aeabi_memclr4
    ucos_ii.o(.text) refers to os_cpu_a.o(OS_CPU_S) for OSIntCtxSw
    ucos_ii.o(.text) refers to ucos_ii.o(.data) for OSIntNesting
    ucos_ii.o(.text) refers to ucos_ii.o(.constdata) for OSUnMapTbl
    ucos_ii.o(.text) refers to ucos_ii.o(.bss) for OSTCBPrioTbl
    ucos_ii.o(.text) refers to rt_memcpy_w.o(.text) for __aeabi_memcpy4
    logger.o(.text) refers to ucos_ii.o(.text) for OSMboxPend
    logger.o(.text) refers to utils_c.o(.text) for LCDClear
    logger.o(.text) refers to system_code.o(i.delay) for delay
    logger.o(.text) refers to logger.o(.data) for Mbox_LCDMAN
    logger.o(.text) refers to aeabi_sdiv.o(.text_udiv) for __aeabi_uidivmod
    logger.o(.text) refers to system_code.o(.text) for sendbin0
    logger.o(.text) refers to logger.o(.bss) for PackageRx0
    logger.o(.text) refers to ucos_ii.o(.data) for OSPrioCur
    system_code.o(.text) refers to ucos_ii.o(.text) for OSIntExit
    system_code.o(.text) refers to system_code.o(i.delay) for delay
    system_code.o(.text) refers to system_code.o(.bss) for VICVectAddr
    system_code.o(.text) refers to logger.o(.data) for Sem_UART0Tx
    utils_c.o(.text) refers to system_code.o(i.delay) for delay
    utils_c.o(.text) refers to ucos_ii.o(.text) for OSMboxPost
    utils_c.o(.text) refers to system_code.o(.text) for flush1
    utils_c.o(.text) refers to aeabi_sdiv.o(.text_udiv) for __aeabi_uidivmod
    utils_c.o(.text) refers to logger.o(.data) for iOPcode
    utils_c.o(.text) refers to logger.o(.bss) for PackageRx0
    utils_c.o(.text) refers to system_code.o(.bss) for VICVectAddr
    utils_c.o(.text) refers to utils_c.o(i.LCDSet_RS) for LCDSet_RS
    utils_c.o(.text) refers to utils_c.o(i.LCDSet_RW) for LCDSet_RW
    utils_c.o(.text) refers to utils_c.o(i.LCDSet_DATA) for LCDSet_DATA
    utils_c.o(.text) refers to utils_c.o(i.LCDSet_E) for LCDSet_E
    aeabi_sdiv.o(.text_udiv) refers to aeabi_sdiv.o(.text) for __arm_div2
    aeabi_sdiv_div0.o(.text_udiv) refers to aeabi_sdiv_div0.o(.text) for __arm_div2
    aeabi_idiv0_sigfpe.o(.text) refers to rt_div0.o(.text) for __rt_div0
    rt_div0.o(.text) refers to defsig_fpe_outer.o(.text) for __rt_SIGFPE
    defsig_fpe_outer.o(.text) refers to defsig_fpe_inner.o(.text) for __rt_SIGFPE_inner
    defsig_fpe_outer.o(.text) refers to defsig_exit.o(.text) for __sig_exit
    defsig_fpe_formal.o(.text) refers to rt_raise.o(.text) for __rt_raise
    rt_raise.o(.text) refers to __raise.o(.text) for __raise
    rt_raise.o(.text) refers to sys_exit.o(.text) for _sys_exit
    defsig_exit.o(.text) refers to sys_exit.o(.text) for _sys_exit
    defsig_fpe_inner.o(.text) refers to defsig_general.o(.text) for __default_signal_display
    sys_exit.o(.text) refers (Special) to use_no_semi.o(.text) for __I$use$semihosting
    sys_exit.o(.text) refers (Special) to indicate_semi.o(.text) for __semihosting_library_function
    __raise.o(.text) refers to __raise.o(i.__ARM_common_call_via_r2) for __ARM_common_call_via_r2
    __raise.o(.text) refers to defsig.o(CL$$defsig) for __default_signal_handler
    defsig_general.o(.text) refers to sys_wrch.o(.text) for _ttywrch
    sys_wrch.o(.text) refers (Special) to use_no_semi.o(.text) for __I$use$semihosting
    sys_wrch.o(.text) refers (Special) to indicate_semi.o(.text) for __semihosting_library_function
    defsig.o(CL$$defsig) refers to defsig_fpe_inner.o(.text) for __rt_SIGFPE_inner
    defsig_abrt_inner.o(.text) refers to defsig_general.o(.text) for __default_signal_display
    defsig_rtred_inner.o(.text) refers to defsig_general.o(.text) for __default_signal_display
    defsig_rtmem_inner.o(.text) refers to defsig_general.o(.text) for __default_signal_display
    defsig_stak_inner.o(.text) refers to defsig_general.o(.text) for __default_signal_display
    defsig_pvfn_inner.o(.text) refers to defsig_general.o(.text) for __default_signal_display
    defsig_cppl_inner.o(.text) refers to defsig_general.o(.text) for __default_signal_display
    defsig_segv_inner.o(.text) refers to defsig_general.o(.text) for __default_signal_display
    defsig_other.o(.text) refers to defsig_general.o(.text) for __default_signal_display


==============================================================================

Removing Unused input sections from the image.

    Removing utils_a.o(Init), (220 bytes).

1 unused section(s) (total 220 bytes) removed from the image.

==============================================================================

Image Symbol Table

    Local Symbols

    Symbol Name                              Value     Ov Type        Size  Object(Section)

    Init                                     0x00000000   Section     1124  startup.o(Init)
    ../clib/angel/rt.s                       0x00000000   Number         0  aeabi_idiv0_sigfpe.o ABSOLUTE
    ../clib/angel/rt.s                       0x00000000   Number         0  rt_raise.o ABSOLUTE
    ../clib/angel/rt.s                       0x00000000   Number         0  aeabi_idiv0.o ABSOLUTE
    ../clib/angel/rt.s                       0x00000000   Number         0  rt_div0.o ABSOLUTE
    ../clib/angel/sys.s                      0x00000000   Number         0  use_no_semi.o ABSOLUTE
    ../clib/angel/sys.s                      0x00000000   Number         0  indicate_semi.o ABSOLUTE
    ../clib/angel/sysapp.c                   0x00000000   Number         0  sys_exit.o ABSOLUTE
    ../clib/angel/sysapp.c                   0x00000000   Number         0  sys_wrch.o ABSOLUTE
    ../clib/division.s                       0x00000000   Number         0  aeabi_sdiv.o ABSOLUTE
    ../clib/division.s                       0x00000000   Number         0  aeabi_sdiv_div0.o ABSOLUTE
    ../clib/divrt.s                          0x00000000   Number         0  divrt_7tdmi.o ABSOLUTE
    ../clib/divrt.s                          0x00000000   Number         0  divrt_7tdmi_div0.o ABSOLUTE
    ../clib/memcpset.s                       0x00000000   Number         0  rt_memclr_w.o ABSOLUTE
    ../clib/memcpset.s                       0x00000000   Number         0  rt_memcpy_w.o ABSOLUTE
    ../clib/signal.c                         0x00000000   Number         0  defsig_stak_inner.o ABSOLUTE
    ../clib/signal.c                         0x00000000   Number         0  defsig_rtmem_inner.o ABSOLUTE
    ../clib/signal.c                         0x00000000   Number         0  defsig_rtred_inner.o ABSOLUTE
    ../clib/signal.c                         0x00000000   Number         0  defsig_abrt_inner.o ABSOLUTE
    ../clib/signal.c                         0x00000000   Number         0  defsig_general.o ABSOLUTE
    ../clib/signal.c                         0x00000000   Number         0  __raise.o ABSOLUTE
    ../clib/signal.c                         0x00000000   Number         0  defsig_other.o ABSOLUTE
    ../clib/signal.c                         0x00000000   Number         0  defsig_exit.o ABSOLUTE
    ../clib/signal.c                         0x00000000   Number         0  defsig_fpe_formal.o ABSOLUTE
    ../clib/signal.c                         0x00000000   Number         0  defsig_fpe_outer.o ABSOLUTE
    ../clib/signal.c                         0x00000000   Number         0  defsig_fpe_inner.o ABSOLUTE
    ../clib/signal.c                         0x00000000   Number         0  defsig_cppl_inner.o ABSOLUTE
    ../clib/signal.c                         0x00000000   Number         0  defsig_pvfn_inner.o ABSOLUTE
    ../clib/signal.c                         0x00000000   Number         0  defsig_segv_inner.o ABSOLUTE
    ../clib/signal.s                         0x00000000   Number         0  defsig.o ABSOLUTE
    dc.s                                     0x00000000   Number         0  dc.o ABSOLUTE
    src\cpu\OS_CPU_A.S                       0x00000000   Number         0  os_cpu_a.o ABSOLUTE
    src\cpu\OS_CPU_C.C                       0x00000000   Number         0  os_cpu_c.o ABSOLUTE
    src\cpu\STARTUP.S                        0x00000000   Number         0  startup.o ABSOLUTE
    src\os\ucos_ii.c                         0x00000000   Number         0  ucos_ii.o ABSOLUTE
    src\usr\SYSTEM_CODE.C                    0x00000000   Number         0  system_code.o ABSOLUTE
    src\usr\UTILS_A.S                        0x00000000   Number         0  utils_a.o ABSOLUTE
    src\usr\UTILS_C.C                        0x00000000   Number         0  utils_c.o ABSOLUTE
    src\usr\logger.c                         0x00000000   Number         0  logger.o ABSOLUTE
    IRQDisable                               0x000001b0   ARM Code       0  startup.o(Init)
    IRQEnable                                0x000001c0   ARM Code       0  startup.o(Init)
    FIQDisable                               0x000001d0   ARM Code       0  startup.o(Init)
    FIQEnable                                0x000001e0   ARM Code       0  startup.o(Init)
    SETIRQReg                                0x000001f0   ARM Code       0  startup.o(Init)
    OSSetCPSR                                0x00000250   ARM Code       0  startup.o(Init)
    INTRETURN                                0x00000340   ARM Code       0  startup.o(Init)
    BUSINIT                                  0x00000394   Data           0  startup.o(Init)
    .text                                    0x00000464   Section        0  os_cpu_c.o(.text)
    .text                                    0x000005e0   Section        0  ucos_ii.o(.text)
    OS_InitTaskStat                          0x00000b38   ARM Code      76  ucos_ii.o(.text)
    OS_InitTaskIdle                          0x00000bc8   ARM Code      76  ucos_ii.o(.text)
    OS_InitEventList                         0x00000d1c   ARM Code      84  ucos_ii.o(.text)
    OS_InitTCBList                           0x00000d70   ARM Code     116  ucos_ii.o(.text)
    OS_InitRdyList                           0x00000de4   ARM Code      92  ucos_ii.o(.text)
    OS_InitMisc                              0x00000e40   ARM Code      88  ucos_ii.o(.text)
    OS_FlagTaskRdy                           0x00001900   ARM Code     140  ucos_ii.o(.text)
    OS_FlagBlock                             0x00001b20   ARM Code     224  ucos_ii.o(.text)
    .text                                    0x00005214   Section        0  logger.o(.text)
    .text                                    0x00005880   Section        0  system_code.o(.text)
    .text                                    0x00005bec   Section        0  utils_c.o(.text)
    .text                                    0x000064d8   Section      100  rt_memcpy_w.o(.text)
    .text                                    0x0000653c   Section       84  rt_memclr_w.o(.text)
    .text                                    0x00006590   Section      384  aeabi_sdiv.o(.text)
    __arm_div8                               0x000065bc   ARM Code       0  aeabi_sdiv.o(.text)
    __arm_div5                               0x000065e0   ARM Code       0  aeabi_sdiv.o(.text)
    __arm_div2                               0x00006604   ARM Code       0  aeabi_sdiv.o(.text)
    __arm_div_large                          0x00006640   ARM Code       0  aeabi_sdiv.o(.text)
    .text_udiv                               0x00006710   Section       36  aeabi_sdiv.o(.text_udiv)
    OS_CPU_S                                 0x00006734   Section      416  os_cpu_a.o(OS_CPU_S)
    i.LCDSet_DATA                            0x000068d4   Section        0  utils_c.o(i.LCDSet_DATA)
    i.LCDSet_E                               0x000068f0   Section        0  utils_c.o(i.LCDSet_E)
    i.LCDSet_RS                              0x00006928   Section        0  utils_c.o(i.LCDSet_RS)
    i.LCDSet_RW                              0x00006960   Section        0  utils_c.o(i.LCDSet_RW)
    i.delay                                  0x00006998   Section        0  system_code.o(i.delay)
    .constdata                               0x000069cc   Section      264  ucos_ii.o(.constdata)
    .data                                    0x33000000   Section       76  ucos_ii.o(.data)
    .data                                    0x3300004c   Section       32  logger.o(.data)
    .bss                                     0x3300006c   Section      400  os_cpu_c.o(.bss)
    .bss                                     0x330001fc   Section     8612  ucos_ii.o(.bss)
    .bss                                     0x330023a0   Section     2464  logger.o(.bss)
    .bss                                     0x33002d40   Section      128  system_code.o(.bss)

    Global Symbols

    Symbol Name                              Value     Ov Type        Size  Object(Section)

    BuildAttributes$$THM_ISAv1$ARM_ISAv4$S$PE$A:L22$X:L11$S22$IEEE1$IW$USESV6$~STKCKD$USESV7$~SHL$OSPACE$ROPI$EBA8$STANDARDLIB$REQ8$PRES8$EABIv2 0x00000000   Number         0  anon$$obj.o ABSOLUTE
    __sigvec_lookup                           - Undefined Weak Reference
    OSInitHookBegin                          0x00000464   ARM Code       4  os_cpu_c.o(.text)
    OSInitHookEnd                            0x00000468   ARM Code       4  os_cpu_c.o(.text)
    OSTaskCreateHook                         0x0000046c   ARM Code       8  os_cpu_c.o(.text)
    OSTaskDelHook                            0x00000474   ARM Code       8  os_cpu_c.o(.text)
    OSTaskIdleHook                           0x0000047c   ARM Code       4  os_cpu_c.o(.text)
    OSTaskStatHook                           0x00000480   ARM Code       4  os_cpu_c.o(.text)
    OSTaskStkInit                            0x00000484   ARM Code     316  os_cpu_c.o(.text)
    OSTaskSwHook                             0x000005c0   ARM Code       4  os_cpu_c.o(.text)
    OSTCBInitHook                            0x000005c4   ARM Code       8  os_cpu_c.o(.text)
    OSTimeTickHook                           0x000005cc   ARM Code       4  os_cpu_c.o(.text)
    OS_Sched                                 0x000005e0   ARM Code     196  ucos_ii.o(.text)
    OSTimeDly                                0x000006a4   ARM Code     168  ucos_ii.o(.text)
    OS_TaskStat                              0x0000074c   ARM Code     240  ucos_ii.o(.text)
    OS_TCBInit                               0x0000083c   ARM Code     396  ucos_ii.o(.text)
    OSTaskCreateExt                          0x000009c8   ARM Code     368  ucos_ii.o(.text)
    OS_TaskIdle                              0x00000b84   ARM Code      68  ucos_ii.o(.text)
    OS_QInit                                 0x00000c14   ARM Code      72  ucos_ii.o(.text)
    OS_MemInit                               0x00000c5c   ARM Code     116  ucos_ii.o(.text)
    OS_FlagInit                              0x00000cd0   ARM Code      76  ucos_ii.o(.text)
    OSInit                                   0x00000e98   ARM Code      56  ucos_ii.o(.text)
    OSIntEnter                               0x00000ed0   ARM Code      56  ucos_ii.o(.text)
    OSIntExit                                0x00000f08   ARM Code     248  ucos_ii.o(.text)
    OSSchedLock                              0x00001000   ARM Code      96  ucos_ii.o(.text)
    OSSchedUnlock                            0x00001060   ARM Code     172  ucos_ii.o(.text)
    OSStart                                  0x0000110c   ARM Code     132  ucos_ii.o(.text)
    OSStatInit                               0x00001190   ARM Code     128  ucos_ii.o(.text)
    OSTimeTick                               0x00001210   ARM Code     268  ucos_ii.o(.text)
    OSVersion                                0x0000131c   ARM Code       8  ucos_ii.o(.text)
    OS_Dummy                                 0x00001324   ARM Code       4  ucos_ii.o(.text)
    OS_EventTaskRdy                          0x00001328   ARM Code     356  ucos_ii.o(.text)
    OS_EventTaskWait                         0x0000148c   ARM Code     192  ucos_ii.o(.text)
    OS_EventTO                               0x0000154c   ARM Code     120  ucos_ii.o(.text)
    OS_EventWaitListInit                     0x000015c4   ARM Code      52  ucos_ii.o(.text)
    OSFlagAccept                             0x000015f8   ARM Code     512  ucos_ii.o(.text)
    OSFlagCreate                             0x000017f8   ARM Code     176  ucos_ii.o(.text)
    OS_FlagUnlink                            0x000018a8   ARM Code      88  ucos_ii.o(.text)
    OSFlagDel                                0x0000198c   ARM Code     404  ucos_ii.o(.text)
    OSFlagPend                               0x00001c00   ARM Code     980  ucos_ii.o(.text)
    OSFlagPost                               0x00001fd4   ARM Code     556  ucos_ii.o(.text)
    OSFlagQuery                              0x00002200   ARM Code     120  ucos_ii.o(.text)
    OSMboxAccept                             0x00002278   ARM Code     100  ucos_ii.o(.text)
    OSMboxCreate                             0x000022dc   ARM Code     152  ucos_ii.o(.text)
    OSMboxDel                                0x00002374   ARM Code     404  ucos_ii.o(.text)
    OSMboxPend                               0x00002508   ARM Code     388  ucos_ii.o(.text)
    OSMboxPost                               0x0000268c   ARM Code     204  ucos_ii.o(.text)
    OSMboxPostOpt                            0x00002758   ARM Code     256  ucos_ii.o(.text)
    OSMboxQuery                              0x00002858   ARM Code     180  ucos_ii.o(.text)
    OSMemCreate                              0x0000290c   ARM Code     276  ucos_ii.o(.text)
    OSMemGet                                 0x00002a20   ARM Code     156  ucos_ii.o(.text)
    OSMemPut                                 0x00002abc   ARM Code     152  ucos_ii.o(.text)
    OSMemQuery                               0x00002b54   ARM Code     144  ucos_ii.o(.text)
    OSMutexAccept                            0x00002be4   ARM Code     240  ucos_ii.o(.text)
    OSMutexCreate                            0x00002cd4   ARM Code     292  ucos_ii.o(.text)
    OSMutexDel                               0x00002df8   ARM Code     436  ucos_ii.o(.text)
    OSMutexPend                              0x00002fac   ARM Code     668  ucos_ii.o(.text)
    OSMutexPost                              0x00003248   ARM Code     680  ucos_ii.o(.text)
    OSMutexQuery                             0x000034f0   ARM Code     248  ucos_ii.o(.text)
    OSQAccept                                0x000035e8   ARM Code     164  ucos_ii.o(.text)
    OSQCreate                                0x0000368c   ARM Code     296  ucos_ii.o(.text)
    OSQDel                                   0x000037b4   ARM Code     452  ucos_ii.o(.text)
    OSQFlush                                 0x00003978   ARM Code     116  ucos_ii.o(.text)
    OSQPend                                  0x000039ec   ARM Code     436  ucos_ii.o(.text)
    OSQPost                                  0x00003ba0   ARM Code     264  ucos_ii.o(.text)
    OSQPostFront                             0x00003ca8   ARM Code     268  ucos_ii.o(.text)
    OSQPostOpt                               0x00003db4   ARM Code     376  ucos_ii.o(.text)
    OSQQuery                                 0x00003f2c   ARM Code     228  ucos_ii.o(.text)
    OSSemAccept                              0x00004010   ARM Code     112  ucos_ii.o(.text)
    OSSemCreate                              0x00004080   ARM Code     152  ucos_ii.o(.text)
    OSSemDel                                 0x00004118   ARM Code     404  ucos_ii.o(.text)
    OSSemPend                                0x000042ac   ARM Code     352  ucos_ii.o(.text)
    OSSemPost                                0x0000440c   ARM Code     200  ucos_ii.o(.text)
    OSSemQuery                               0x000044d4   ARM Code     188  ucos_ii.o(.text)
    OSTaskChangePrio                         0x00004590   ARM Code     540  ucos_ii.o(.text)
    OSTaskCreate                             0x000047ac   ARM Code     320  ucos_ii.o(.text)
    OSTaskDel                                0x000048ec   ARM Code     580  ucos_ii.o(.text)
    OSTaskDelReq                             0x00004b30   ARM Code     188  ucos_ii.o(.text)
    OSTaskResume                             0x00004bec   ARM Code     260  ucos_ii.o(.text)
    OSTaskStkChk                             0x00004cf0   ARM Code     240  ucos_ii.o(.text)
    OSTaskSuspend                            0x00004de0   ARM Code     280  ucos_ii.o(.text)
    OSTaskQuery                              0x00004ef8   ARM Code     156  ucos_ii.o(.text)
    OSTimeDlyHMSM                            0x00004f94   ARM Code     232  ucos_ii.o(.text)
    OSTimeDlyResume                          0x0000507c   ARM Code     248  ucos_ii.o(.text)
    OSTimeGet                                0x00005174   ARM Code      56  ucos_ii.o(.text)
    OSTimeSet                                0x000051ac   ARM Code      56  ucos_ii.o(.text)
    Task_LCDMAN                              0x00005214   ARM Code      88  logger.o(.text)
    Task_BEEPMAN                             0x0000526c   ARM Code     392  logger.o(.text)
    Task_LEDMAN                              0x000053f4   ARM Code     232  logger.o(.text)
    Task_UART0Rx                             0x000054dc   ARM Code      80  logger.o(.text)
    itos_dec                                 0x0000552c   ARM Code      92  logger.o(.text)
    Task_UART0TX                             0x00005588   ARM Code     132  logger.o(.text)
    TaskStart                                0x0000560c   ARM Code     200  logger.o(.text)
    Main                                     0x000056d4   ARM Code     336  logger.o(.text)
    HandleIRQ                                0x00005880   ARM Code      44  system_code.o(.text)
    getstream0                               0x000058ac   ARM Code     116  system_code.o(.text)
    transbin0                                0x00005920   ARM Code      72  system_code.o(.text)
    sendbin0                                 0x00005968   ARM Code      68  system_code.o(.text)
    recbin0                                  0x000059ac   ARM Code     112  system_code.o(.text)
    flush0                                   0x00005a1c   ARM Code      40  system_code.o(.text)
    getstream1                               0x00005a44   ARM Code     116  system_code.o(.text)
    transbin1                                0x00005ab8   ARM Code      72  system_code.o(.text)
    sendbin1                                 0x00005b00   ARM Code      68  system_code.o(.text)
    recbin1                                  0x00005b44   ARM Code     112  system_code.o(.text)
    flush1                                   0x00005bb4   ARM Code      40  system_code.o(.text)
    IRQ_BUTTON                               0x00005bec   ARM Code     448  utils_c.o(.text)
    IRQ_UART1                                0x00005dac   ARM Code     364  utils_c.o(.text)
    IRQ_UART0                                0x00005f18   ARM Code     216  utils_c.o(.text)
    IRQ_UNDEF                                0x00005ff0   ARM Code      64  utils_c.o(.text)
    init_led                                 0x00006030   ARM Code      48  utils_c.o(.text)
    init_lcd                                 0x00006060   ARM Code      32  utils_c.o(.text)
    S3C_InitTimer_PWM                        0x00006080   ARM Code      56  utils_c.o(.text)
    S3C_StartTimer4                          0x000060b8   ARM Code      24  utils_c.o(.text)
    S3C_StartPWMBuzzer                       0x000060d0   ARM Code      40  utils_c.o(.text)
    S3C_StopPWMBuzzer                        0x000060f8   ARM Code      24  utils_c.o(.text)
    S3C_SetPWMBuzzer                         0x00006110   ARM Code      96  utils_c.o(.text)
    S3C_SysInit                              0x00006170   ARM Code      92  utils_c.o(.text)
    LCD1602_delay                            0x000061cc   ARM Code     112  utils_c.o(.text)
    msgbox                                   0x0000623c   ARM Code     204  utils_c.o(.text)
    LCDInit                                  0x00006308   ARM Code     128  utils_c.o(.text)
    LCDChar                                  0x00006388   ARM Code      44  utils_c.o(.text)
    LCDClear                                 0x000063b4   ARM Code      24  utils_c.o(.text)
    LCDString                                0x000063cc   ARM Code     268  utils_c.o(.text)
    __aeabi_memcpy4                          0x000064d8   ARM Code       0  rt_memcpy_w.o(.text)
    __aeabi_memcpy8                          0x000064d8   ARM Code       0  rt_memcpy_w.o(.text)
    __rt_memcpy_w                            0x000064d8   ARM Code     100  rt_memcpy_w.o(.text)
    _memcpy_lastbytes_aligned                0x00006524   ARM Code       0  rt_memcpy_w.o(.text)
    __aeabi_memclr4                          0x0000653c   ARM Code       0  rt_memclr_w.o(.text)
    __aeabi_memclr8                          0x0000653c   ARM Code       0  rt_memclr_w.o(.text)
    __rt_memclr_w                            0x0000653c   ARM Code      84  rt_memclr_w.o(.text)
    _memset_w                                0x00006540   ARM Code       0  rt_memclr_w.o(.text)
    __aeabi_idiv                             0x00006590   ARM Code       0  aeabi_sdiv.o(.text)
    __aeabi_idivmod                          0x00006590   ARM Code     384  aeabi_sdiv.o(.text)
    __aeabi_uidiv                            0x00006710   ARM Code       0  aeabi_sdiv.o(.text_udiv)
    __aeabi_uidivmod                         0x00006710   ARM Code      36  aeabi_sdiv.o(.text_udiv)
    OSStartHighRdy                           0x00006734   ARM Code       0  os_cpu_a.o(OS_CPU_S)
    OSCtxSw                                  0x00006778   ARM Code       0  os_cpu_a.o(OS_CPU_S)
    OSIntCtxSw                               0x000067ec   ARM Code       0  os_cpu_a.o(OS_CPU_S)
    OSTickISR                                0x0000683c   ARM Code       0  os_cpu_a.o(OS_CPU_S)
    LCDSet_DATA                              0x000068d4   ARM Code      28  utils_c.o(i.LCDSet_DATA)
    LCDSet_E                                 0x000068f0   ARM Code      56  utils_c.o(i.LCDSet_E)
    LCDSet_RS                                0x00006928   ARM Code      56  utils_c.o(i.LCDSet_RS)
    LCDSet_RW                                0x00006960   ARM Code      56  utils_c.o(i.LCDSet_RW)
    delay                                    0x00006998   ARM Code      52  system_code.o(i.delay)
    OSMapTbl                                 0x000069cc   Data           8  ucos_ii.o(.constdata)
    OSUnMapTbl                               0x000069d4   Data         256  ucos_ii.o(.constdata)
    OSCtxSwCtr                               0x33000000   Data           4  ucos_ii.o(.data)
    OSEventFreeList                          0x33000004   Data           4  ucos_ii.o(.data)
    OSFlagFreeList                           0x33000008   Data           4  ucos_ii.o(.data)
    OSCPUUsage                               0x3300000c   Data           1  ucos_ii.o(.data)
    OSIdleCtrMax                             0x33000010   Data           4  ucos_ii.o(.data)
    OSIdleCtrRun                             0x33000014   Data           4  ucos_ii.o(.data)
    OSStatRdy                                0x33000018   Data           1  ucos_ii.o(.data)
    OSIntNesting                             0x33000019   Data           1  ucos_ii.o(.data)
    OSIntExitY                               0x3300001a   Data           1  ucos_ii.o(.data)
    OSLockNesting                            0x3300001b   Data           1  ucos_ii.o(.data)
    OSPrioCur                                0x3300001c   Data           1  ucos_ii.o(.data)
    OSPrioHighRdy                            0x3300001d   Data           1  ucos_ii.o(.data)
    OSRdyGrp                                 0x3300001e   Data           1  ucos_ii.o(.data)
    OSRdyTbl                                 0x3300001f   Data           8  ucos_ii.o(.data)
    OSRunning                                0x33000027   Data           1  ucos_ii.o(.data)
    OSTaskCtr                                0x33000028   Data           1  ucos_ii.o(.data)
    OSIdleCtr                                0x3300002c   Data           4  ucos_ii.o(.data)
    OSTCBCur                                 0x33000030   Data           4  ucos_ii.o(.data)
    OSTCBFreeList                            0x33000034   Data           4  ucos_ii.o(.data)
    OSTCBHighRdy                             0x33000038   Data           4  ucos_ii.o(.data)
    OSTCBList                                0x3300003c   Data           4  ucos_ii.o(.data)
    OSMemFreeList                            0x33000040   Data           4  ucos_ii.o(.data)
    OSQFreeList                              0x33000044   Data           4  ucos_ii.o(.data)
    OSTime                                   0x33000048   Data           4  ucos_ii.o(.data)
    Mbox_UART0Rx                             0x3300004c   Data           4  logger.o(.data)
    Mbox_UART0Tx                             0x33000050   Data           4  logger.o(.data)
    Mbox_LEDMAN                              0x33000054   Data           4  logger.o(.data)
    Mbox_BEEPMAN                             0x33000058   Data           4  logger.o(.data)
    Mbox_LCDMAN                              0x3300005c   Data           4  logger.o(.data)
    Sem_UART0Tx                              0x33000060   Data           4  logger.o(.data)
    Sem_UART1Tx                              0x33000064   Data           4  logger.o(.data)
    iOPcode                                  0x33000068   Data           4  logger.o(.data)
    OSIntStk                                 0x3300006c   Data         400  os_cpu_c.o(.bss)
    OSEventTbl                               0x330001fc   Data         320  ucos_ii.o(.bss)
    OSFlagTbl                                0x3300033c   Data         120  ucos_ii.o(.bss)
    OSTaskStatStk                            0x330003b4   Data        2048  ucos_ii.o(.bss)
    OSTaskIdleStk                            0x33000bb4   Data        2048  ucos_ii.o(.bss)
    OSTCBPrioTbl                             0x330013b4   Data         256  ucos_ii.o(.bss)
    OSTCBTbl                                 0x330014b4   Data        3380  ucos_ii.o(.bss)
    OSMemTbl                                 0x330021e8   Data         200  ucos_ii.o(.bss)
    OSQTbl                                   0x330022b0   Data         240  ucos_ii.o(.bss)
    PackageRx0                               0x330023a0   Data          16  logger.o(.bss)
    PackageTx0                               0x330023b0   Data          16  logger.o(.bss)
    Stk_TaskStart                            0x330023c0   Data         400  logger.o(.bss)
    Stk_Task_UART0Rx                         0x33002550   Data         400  logger.o(.bss)
    Stk_Task_UART0TX                         0x330026e0   Data         400  logger.o(.bss)
    Stk_Task_LEDMAN                          0x33002870   Data         400  logger.o(.bss)
    Stk_Task_BEEPMAN                         0x33002a00   Data         400  logger.o(.bss)
    Stk_Task_LCDMAN                          0x33002b90   Data         400  logger.o(.bss)
    vBuffer                                  0x33002d20   Data          32  logger.o(.bss)
    VICVectAddr                              0x33002d40   Data         128  system_code.o(.bss)



==============================================================================

Memory Map of the image

  Image Entry point : 0x00000000

  Load Region LR_1 (Base: 0x00000000, Size: 0x00006b40, Max: 0xffffffff, ABSOLUTE)

    Execution Region ER_RO (Base: 0x00000000, Size: 0x00006ad4, Max: 0xffffffff, ABSOLUTE)

    Base Addr    Size         Type   Attr      Idx    E Section Name        Object

    0x00000000   0x00000464   Code   RO           32  * Init                startup.o
    0x00000464   0x0000017c   Code   RO            6    .text               os_cpu_c.o
    0x000005e0   0x00004c34   Code   RO           35    .text               ucos_ii.o
    0x00005214   0x0000066c   Code   RO           89    .text               logger.o
    0x00005880   0x0000036c   Code   RO          126    .text               system_code.o
    0x00005bec   0x000008ec   Code   RO          165    .text               utils_c.o
    0x000064d8   0x00000064   Code   RO          214    .text               c_t.l(rt_memcpy_w.o)
    0x0000653c   0x00000054   Code   RO          216    .text               c_t.l(rt_memclr_w.o)
    0x00006590   0x00000180   Code   RO          218    .text               c_t.l(aeabi_sdiv.o)
    0x00006710   0x00000024   Code   RO          219    .text_udiv          c_t.l(aeabi_sdiv.o)
    0x00006734   0x000001a0   Code   RO            1    OS_CPU_S            os_cpu_a.o
    0x000068d4   0x0000001c   Code   RO          192    i.LCDSet_DATA       utils_c.o
    0x000068f0   0x00000038   Code   RO          186    i.LCDSet_E          utils_c.o
    0x00006928   0x00000038   Code   RO          174    i.LCDSet_RS         utils_c.o
    0x00006960   0x00000038   Code   RO          180    i.LCDSet_RW         utils_c.o
    0x00006998   0x00000034   Code   RO          138    i.delay             system_code.o
    0x000069cc   0x00000108   Data   RO           37    .constdata          ucos_ii.o


    Execution Region ER_RW (Base: 0x33000000, Size: 0x0000006c, Max: 0xffffffff, ABSOLUTE)

    Base Addr    Size         Type   Attr      Idx    E Section Name        Object

    0x33000000   0x0000004c   Data   RW           38    .data               ucos_ii.o
    0x3300004c   0x00000020   Data   RW           91    .data               logger.o


    Execution Region ER_ZI (Base: 0x3300006c, Size: 0x00002d54, Max: 0xffffffff, ABSOLUTE)

    Base Addr    Size         Type   Attr      Idx    E Section Name        Object

    0x3300006c   0x00000190   Zero   RW            7    .bss                os_cpu_c.o
    0x330001fc   0x000021a4   Zero   RW           36    .bss                ucos_ii.o
    0x330023a0   0x000009a0   Zero   RW           90    .bss                logger.o
    0x33002d40   0x00000080   Zero   RW          127    .bss                system_code.o


==============================================================================

Image component sizes


      Code (inc. data)   RO Data    RW Data    ZI Data      Debug   Object Name

      1644        148          0         32       2464      14043   logger.o
       416         40          0          0          0        344   os_cpu_a.o
       380         16          0          0        400      13583   os_cpu_c.o
      1124        364          0          0          0        428   startup.o
       928         16          0          0        128      14004   system_code.o
     19508        244        264         76       8612      43275   ucos_ii.o
      2480        168          0          0          0       5919   utils_c.o

    ----------------------------------------------------------------------
     26480        996        264        108      11604      91596   Object Totals
         0          0          0          0          0          0   (incl. Generated)
         0          0          0          0          0          0   (incl. Padding)

    ----------------------------------------------------------------------

      Code (inc. data)   RO Data    RW Data    ZI Data      Debug   Library Member Name

       420          0          0          0          0        148   aeabi_sdiv.o
        84          0          0          0          0         80   rt_memclr_w.o
       100          0          0          0          0         80   rt_memcpy_w.o

    ----------------------------------------------------------------------
       604          0          0          0          0        308   Library Totals
         0          0          0          0          0          0   (incl. Padding)

    ----------------------------------------------------------------------

      Code (inc. data)   RO Data    RW Data    ZI Data      Debug   Library Name

       604          0          0          0          0        308   c_t.l

    ----------------------------------------------------------------------
       604          0          0          0          0        308   Library Totals

    ----------------------------------------------------------------------

==============================================================================


      Code (inc. data)   RO Data    RW Data    ZI Data      Debug   

     27084        996        264        108      11604      91020   Grand Totals
     27084        996        264        108      11604      91020   ELF Image Totals
     27084        996        264        108          0          0   ROM Totals

==============================================================================

    Total RO  Size (Code + RO Data)                27348 (  26.71kB)
    Total RW  Size (RW Data + ZI Data)             11712 (  11.44kB)
    Total ROM Size (Code + RO Data + RW Data)      27456 (  26.81kB)

==============================================================================

